// Jest Snapshot v1, https://goo.gl/fbAQLP

exports[`testing pagination component should render pagination component with calculated buttons 1`] = `
<Pagination
  currentPageNumber={5}
  pageRange={
    Array [
      1,
      "...",
      3,
      4,
      5,
      6,
      7,
      "...",
      10,
    ]
  }
/>
`;
